repo       : D:\T2520875\thesisP2\thesisP2
work dir   : D:\T2520875\thesisP2\ft_work
interpreter: C:\Program Files\Python312\python.exe
gpu: NVIDIA GeForce RTX 5090, 32 GB, bf16 yes
  plenty of memory: whisper-large-v3-turbo with LoRA is reasonable here
stages     : validate, prepare, train, evaluate

======================================================================
  VALIDATE  -  transcripts against the style guide
======================================================================
$ 'C:\Program Files\Python312\python.exe' 'D:\T2520875\thesisP2\thesisP2\scripts\validate_ground_truth.py' --quiet


BanglaASR1_ground_truth.txt  [FAIL]
  speaker missing | 15 segments | 13.1 min | 136 wpm | fillers 3.0%
  ERROR  segment is Ns, over the Ns Whisper window  (14 lines, first 29)
  ERROR  timestamp has spaces or a non-ASCII dash inside the brackets  (line 38)
  warn   no 'Speaker ID' in the header; the speaker-independent split needs it  (header)
  warn   non-ASCII characters: '‘' (LEFT SINGLE QUOTATION MARK), '’' (RIGHT SINGLE QUOTATION MARK)  (3 lines, first 32)
  warn   segment is Ns, close to the Ns limit  (line 38)
  warn   spelling not in the guide: gulo -> gula  (line 53)

BanglaASR2_ground_truth.txt  [FAIL]
  speaker missing | 10 segments | 14.0 min | 123 wpm | fillers 2.1%
  ERROR  segment is Ns, over the Ns Whisper window  (10 lines, first 24)
  warn   no 'Speaker ID' in the header; the speaker-independent split needs it  (header)
  warn   non-ASCII characters: '“' (LEFT DOUBLE QUOTATION MARK), '”' (RIGHT DOUBLE QUOTATION MARK)  (4 lines, first 24)
  warn   spelling not in the guide: seta -> sheta  (2 lines, first 24)
  warn   non-ASCII characters: '…' (HORIZONTAL ELLIPSIS), '“' (LEFT DOUBLE QUOTATION MARK), '”' (RIGHT DOUBLE QUOTATION MARK)  (line 27)
  warn   spelling not in the guide: tarpor -> tarpore  (line 30)
  warn   spelling not in the guide: amr -> ami, seta -> sheta  (3 lines, first 33)
  warn   non-ASCII characters: '…' (HORIZONTAL ELLIPSIS)  (line 36)
  warn   spelling not in the guide: seta -> sheta, tarpor -> tarpore  (line 36)
  warn   ... 3 more kinds of warning

BanglaASR3_ground_truth.txt  [FAIL]
  speaker missing | 5 segments | 6.0 min | 108 wpm | fillers 3.2%
  ERROR  segment is Ns, over the Ns Whisper window  (4 lines, first 25)
  warn   no 'Speaker ID' in the header; the speaker-independent split needs it  (header)
  warn   spelling not in the guide: seta -> sheta, tarpor -> tarpore  (line 25)
  warn   non-ASCII characters: '’' (RIGHT SINGLE QUOTATION MARK), '“' (LEFT DOUBLE QUOTATION MARK), '”' (RIGHT DOUBLE QUOTATION MARK)  (line 29)
  warn   spelling not in the guide: amr -> ami, tarpor -> tarpore  (line 29)
  warn   spelling not in the guide: amr -> ami  (line 33)
  warn   spelling not in the guide: tarpor -> tarpore  (line 36)

BanglaASR4_ground_truth.txt  [FAIL]
  speaker missing | 6 segments | 9.2 min | 136 wpm | fillers 2.3%
  ERROR  segment is Ns, over the Ns Whisper window  (6 lines, first 24)
  ERROR  timestamp has spaces or a non-ASCII dash inside the brackets  (5 lines, first 27)
  warn   no 'Speaker ID' in the header; the speaker-independent split needs it  (header)
  warn   non-ASCII characters: '“' (LEFT DOUBLE QUOTATION MARK), '”' (RIGHT DOUBLE QUOTATION MARK)  (2 lines, first 24)
  warn   spelling not in the guide: amr -> ami, duito -> duita, korate -> korte, seta -> sheta  (line 24)
  warn   spelling not in the guide: amr -> ami, seta -> sheta  (2 lines, first 27)
  warn   non-ASCII characters: '’' (RIGHT SINGLE QUOTATION MARK)  (line 30)
  warn   spelling not in the guide: amr -> ami, seta -> sheta, tarpor -> tarpore  (line 30)
  warn   non-ASCII characters: '…' (HORIZONTAL ELLIPSIS), '“' (LEFT DOUBLE QUOTATION MARK), '”' (RIGHT DOUBLE QUOTATION MARK)  (line 33)
  warn   spelling not in the guide: amr -> ami  (line 36)
  warn   ... 1 more kinds of warning

BanglaASR5_ground_truth.txt  [FAIL]
  speaker missing | 8 segments | 14.0 min | 120 wpm | fillers 2.5%
  ERROR  segment is Ns, over the Ns Whisper window  (8 lines, first 24)
  ERROR  timestamp has spaces or a non-ASCII dash inside the brackets  (7 lines, first 27)
  warn   no 'Speaker ID' in the header; the speaker-independent split needs it  (header)
  warn   non-ASCII characters: '“' (LEFT DOUBLE QUOTATION MARK), '”' (RIGHT DOUBLE QUOTATION MARK)  (line 24)
  warn   spelling not in the guide: amr -> ami, seta -> sheta  (6 lines, first 24)
  warn   spelling not in the guide: amr -> ami, seta -> sheta, tarpor -> tarpore  (line 38)
  warn   non-ASCII characters: '’' (RIGHT SINGLE QUOTATION MARK)  (line 44)
  warn   spelling not in the guide: amr -> ami  (line 47)
  warn   Ns gap after the previous segment  (2 lines, first 31)

BanglaASR6_ground_truth.txt  [FAIL]
  speaker missing | 11 segments | 14.8 min | 100 wpm | fillers 3.0%
  ERROR  timestamp has spaces or a non-ASCII dash inside the brackets  (line 24)
  ERROR  segment is Ns, over the Ns Whisper window  (11 lines, first 24)
  warn   no 'Speaker ID' in the header; the speaker-independent split needs it  (header)
  warn   non-ASCII characters: '’' (RIGHT SINGLE QUOTATION MARK)  (line 36)

BanglaASR7_ground_truth.txt  [FAIL]
  speaker missing | 9 segments | 14.2 min | 102 wpm | fillers 2.6%
  ERROR  segment is Ns, over the Ns Whisper window  (9 lines, first 24)
  warn   no 'Speaker ID' in the header; the speaker-independent split needs it  (header)

BanglaASR8_ground_truth.txt  [FAIL]
  speaker missing | 8 segments | 13.1 min | 92 wpm | fillers 3.3%
  ERROR  segment is Ns, over the Ns Whisper window  (8 lines, first 25)
  warn   no 'Speaker ID' in the header; the speaker-independent split needs it  (header)
  warn   non-ASCII characters: '‘' (LEFT SINGLE QUOTATION MARK), '’' (RIGHT SINGLE QUOTATION MARK)  (line 28)

BanglaASR9_ground_truth.txt  [FAIL]
  speaker missing | 11 segments | 16.4 min | 102 wpm | fillers 4.2%
  ERROR  segment is Ns, over the Ns Whisper window  (11 lines, first 23)
  warn   no 'Speaker ID' in the header; the speaker-independent split needs it  (header)
  warn   non-ASCII characters: '‘' (LEFT SINGLE QUOTATION MARK), '’' (RIGHT SINGLE QUOTATION MARK)  (2 lines, first 23)
  warn   spelling not in the guide: tarpor -> tarpore  (line 35)

==============================================================
files 9 | segments 83 | 1.91 hours | words 12890
speakers: missing (9 files)
errors 95 | warnings 63

Files with errors are not safe to train on until fixed.

finished in 0.0 min

======================================================================
  PREPARE  -  clips and split, holding out B
======================================================================
$ 'C:\Program Files\Python312\python.exe' 'D:\T2520875\thesisP2\thesisP2\finetune\prepare_data.py' --test-speakers B --out 'D:\T2520875\thesisP2\ft_work'

python : D:\T2520875\thesisP2\thesisP2\finetune\prepare_data.py:1: SyntaxWarning: invalid escape sequence '\c'
At line:1 char:329
+ ... FFERED='1'; python -u scripts/run_p3_experiment.py --skip curve --all ...
+                 ~~~~~~~~~~~~~~~~~~~~~~~~~~~~~~~~~~~~~~~~~~~~~~~~~~~~~~~~~
    + CategoryInfo          : NotSpecified: (D:\T2520875\the...e sequence '\c':String) [], RemoteException
    + FullyQualifiedErrorId : NativeCommandError
 
  """
found 9 ground-truth files; test speakers: ['B']
  BanglaASR1 [train/spk A]: 44 clips, 13.0min kept of 13.0min audio
  BanglaASR2 [train/spk A]: 44 clips, 14.0min kept of 14.0min audio
  BanglaASR3 [train/spk A]: 17 clips, 6.0min kept of 6.1min audio
  BanglaASR4 [train/spk A]: 25 clips, 8.5min kept of 9.2min audio
  BanglaASR5 [train/spk A]: 42 clips, 14.0min kept of 14.1min audio
  BanglaASR6 [test/spk B]: 47 clips, 14.8min kept of 14.9min audio
  BanglaASR7 [test/spk B]: 46 clips, 14.2min kept of 14.2min audio
  BanglaASR8 [test/spk B]: 39 clips, 13.1min kept of 13.1min audio
  BanglaASR9 [test/spk B]: 52 clips, 16.4min kept of 16.4min audio

=== SUMMARY ===
Train: 172 clips, 55.6 min (speakers ['A'])
Test : 184 clips, 58.4 min (speakers ['B'])
Minutes per speaker: A=55.6, B=58.4
Wrote manifests, split.json and 356 clips to D:\T2520875\thesisP2\ft_work

finished in 0.4 min

======================================================================
  TRAIN  -  LoRA adapter -> lora_run
======================================================================
$ 'C:\Program Files\Python312\python.exe' 'D:\T2520875\thesisP2\thesisP2\finetune\train_lora.py' --data-dir 'D:\T2520875\thesisP2\ft_work' --adapter-out 'D:\T2520875\thesisP2\ft_work\lora_run' --epochs 8.0 --batch 8

device: NVIDIA GeForce RTX 5090 | precision: bf16 | smoke=False
model : D:\T2520875\thesisP2\ft_work\models\whisper-small

Loading weights:   0%|          | 0/479 [00:00<?, ?it/s]
Loading weights:  12%|█▏        | 58/479 [00:00<00:00, 572.35it/s]
Loading weights:  24%|██▍       | 116/479 [00:00<00:00, 469.68it/s]
Loading weights:  34%|███▍      | 165/479 [00:00<00:00, 424.90it/s]
Loading weights:  56%|█████▌    | 269/479 [00:00<00:00, 631.16it/s]
Loading weights: 100%|██████████| 479/479 [00:00<00:00, 946.08it/s]
trainable params: 1,769,472 || all params: 243,504,384 || trainable%: 0.7267
train: 172 clips (55.6 min) from train.jsonl
eval : 184 clips from test.jsonl
[transformers] warmup_ratio is deprecated and will be removed in v5.2. Use `warmup_steps` instead.

  0%|          | 0/176 [00:00<?, ?it/s]
  1%|          | 1/176 [00:00<01:19,  2.20it/s]
  1%|          | 2/176 [00:00<00:44,  3.88it/s]
  2%|▏         | 3/176 [00:00<00:34,  5.02it/s]
  2%|▏         | 4/176 [00:00<00:28,  5.94it/s]
  3%|▎         | 5/176 [00:00<00:25,  6.69it/s]
  3%|▎         | 6/176 [00:01<00:23,  7.22it/s]
  4%|▍         | 7/176 [00:01<00:22,  7.61it/s]
  5%|▍         | 8/176 [00:01<00:21,  7.72it/s]
  5%|▌         | 9/176 [00:01<00:21,  7.84it/s]
  6%|▌         | 10/176 [00:01<00:20,  7.98it/s]
{'loss': '3.574', 'grad_norm': '1.801', 'learning_rate': '0.0005', 'epoch': '0.4545'}
                                                

  6%|▌         | 10/176 [00:01<00:20,  7.98it/s]
  6%|▋         | 11/176 [00:01<00:20,  8.04it/s]
  7%|▋         | 12/176 [00:01<00:19,  8.36it/s]
  7%|▋         | 13/176 [00:01<00:19,  8.37it/s]
  8%|▊         | 14/176 [00:02<00:19,  8.42it/s]
  9%|▊         | 15/176 [00:02<00:19,  8.44it/s]
  9%|▉         | 16/176 [00:02<00:18,  8.54it/s]
 10%|▉         | 17/176 [00:02<00:18,  8.56it/s]
 10%|█         | 18/176 [00:02<00:18,  8.63it/s]
 11%|█         | 19/176 [00:02<00:18,  8.59it/s]
 11%|█▏        | 20/176 [00:02<00:18,  8.58it/s]
{'loss': '2.703', 'grad_norm': '1.605', 'learning_rate': '0.0009937', 'epoch': '0.9091'}
                                                

 11%|█▏        | 20/176 [00:02<00:18,  8.58it/s]
 12%|█▏        | 21/176 [00:02<00:17,  8.77it/s]

  0%|          | 0/23 [00:00<?, ?it/s][A

 17%|█▋        | 4/23 [00:00<00:00, 31.21it/s][A

 35%|███▍      | 8/23 [00:00<00:00, 27.15it/s][A

 48%|████▊     | 11/23 [00:00<00:00, 25.44it/s][A

 61%|██████    | 14/23 [00:00<00:00, 25.25it/s][A

 74%|███████▍  | 17/23 [00:00<00:00, 24.33it/s][A

 87%|████████▋ | 20/23 [00:00<00:00, 24.31it/s][A

100%|██████████| 23/23 [00:00<00:00, 24.37it/s][A
                                                


                                               
{'eval_loss': '2.505', 'eval_runtime': '0.9678', 'eval_samples_per_second': '190.1', 'eval_steps_per_second': '23.77', 'epoch': '1'}
[A
 12%|█▎        | 22/176 [00:03<00:17,  8.77it/s]

100%|██████████| 23/23 [00:00<00:00, 24.37it/s][A

                                               [A
 13%|█▎        | 23/176 [00:03<00:50,  3.02it/s]
 14%|█▎        | 24/176 [00:04<00:42,  3.60it/s]
 14%|█▍        | 25/176 [00:04<00:35,  4.29it/s]
 15%|█▍        | 26/176 [00:04<00:30,  4.90it/s]
 15%|█▌        | 27/176 [00:04<00:26,  5.67it/s]
 16%|█▌        | 28/176 [00:04<00:23,  6.17it/s]
 16%|█▋        | 29/176 [00:04<00:21,  6.80it/s]
 17%|█▋        | 30/176 [00:04<00:19,  7.37it/s]
{'loss': '2.26', 'grad_norm': '1.698', 'learning_rate': '0.0009304', 'epoch': '1.364'}
                                                

 17%|█▋        | 30/176 [00:04<00:19,  7.37it/s]
 18%|█▊        | 31/176 [00:04<00:19,  7.47it/s]
 18%|█▊        | 32/176 [00:05<00:18,  7.77it/s]
 19%|█▉        | 33/176 [00:05<00:18,  7.92it/s]
 19%|█▉        | 34/176 [00:05<00:16,  8.37it/s]
 20%|█▉        | 35/176 [00:05<00:17,  8.12it/s]
 20%|██        | 36/176 [00:05<00:16,  8.26it/s]
 21%|██        | 37/176 [00:05<00:16,  8.45it/s]
 22%|██▏       | 38/176 [00:05<00:16,  8.47it/s]
 22%|██▏       | 39/176 [00:05<00:16,  8.44it/s]
 23%|██▎       | 40/176 [00:05<00:16,  8.47it/s]
{'loss': '2.046', 'grad_norm': '1.493', 'learning_rate': '0.0008671', 'epoch': '1.818'}
                                                

 23%|██▎       | 40/176 [00:05<00:16,  8.47it/s]
 23%|██▎       | 41/176 [00:06<00:15,  8.52it/s]
 24%|██▍       | 42/176 [00:06<00:15,  8.65it/s]
 24%|██▍       | 43/176 [00:06<00:15,  8.54it/s]

  0%|          | 0/23 [00:00<?, ?it/s][A

 17%|█▋        | 4/23 [00:00<00:00, 30.13it/s][A

 35%|███▍      | 8/23 [00:00<00:00, 25.58it/s][A

 48%|████▊     | 11/23 [00:00<00:00, 24.69it/s][A

 61%|██████    | 14/23 [00:00<00:00, 23.93it/s][A

 74%|███████▍  | 17/23 [00:00<00:00, 24.21it/s][A

 87%|████████▋ | 20/23 [00:00<00:00, 23.34it/s][A

100%|██████████| 23/23 [00:00<00:00, 23.15it/s][A
                                                


                                               
{'eval_loss': '2.2', 'eval_runtime': '1.006', 'eval_samples_per_second': '183', 'eval_steps_per_second': '22.87', 'epoch': '2'}
[A
 25%|██▌       | 44/176 [00:07<00:15,  8.54it/s]

100%|██████████| 23/23 [00:00<00:00, 23.15it/s][A

                                               [A
 26%|██▌       | 45/176 [00:07<00:44,  2.96it/s]
 26%|██▌       | 46/176 [00:07<00:37,  3.50it/s]
 27%|██▋       | 47/176 [00:07<00:31,  4.13it/s]
 27%|██▋       | 48/176 [00:07<00:27,  4.72it/s]
 28%|██▊       | 49/176 [00:08<00:23,  5.40it/s]
 28%|██▊       | 50/176 [00:08<00:20,  6.05it/s]
{'loss': '1.806', 'grad_norm': '1.226', 'learning_rate': '0.0008038', 'epoch': '2.273'}
                                                

 28%|██▊       | 50/176 [00:08<00:20,  6.05it/s]
 29%|██▉       | 51/176 [00:08<00:18,  6.66it/s]
 30%|██▉       | 52/176 [00:08<00:17,  7.22it/s]
 30%|███       | 53/176 [00:08<00:15,  7.70it/s]
 31%|███       | 54/176 [00:08<00:15,  7.86it/s]
 31%|███▏      | 55/176 [00:08<00:14,  8.08it/s]
 32%|███▏      | 56/176 [00:08<00:14,  8.42it/s]
 32%|███▏      | 57/176 [00:08<00:14,  8.25it/s]
 33%|███▎      | 58/176 [00:09<00:13,  8.58it/s]
 34%|███▎      | 59/176 [00:09<00:13,  8.51it/s]
 34%|███▍      | 60/176 [00:09<00:13,  8.34it/s]
{'loss': '1.509', 'grad_norm': '1.049', 'learning_rate': '0.0007405', 'epoch': '2.727'}
                                                

 34%|███▍      | 60/176 [00:09<00:13,  8.34it/s]
 35%|███▍      | 61/176 [00:09<00:13,  8.64it/s]
 35%|███▌      | 62/176 [00:09<00:13,  8.51it/s]
 36%|███▌      | 63/176 [00:09<00:13,  8.63it/s]
 36%|███▋      | 64/176 [00:09<00:13,  8.49it/s]
 37%|███▋      | 65/176 [00:09<00:12,  8.71it/s]

  0%|          | 0/23 [00:00<?, ?it/s][A

 17%|█▋        | 4/23 [00:00<00:00, 28.53it/s][A

 30%|███       | 7/23 [00:00<00:00, 27.49it/s][A

 43%|████▎     | 10/23 [00:00<00:00, 24.30it/s][A

 57%|█████▋    | 13/23 [00:00<00:00, 17.88it/s][A

 70%|██████▉   | 16/23 [00:00<00:00, 17.86it/s][A

 83%|████████▎ | 19/23 [00:00<00:00, 19.23it/s][A

 96%|█████████▌| 22/23 [00:01<00:00, 20.43it/s][A
                                                


                                               
{'eval_loss': '2.084', 'eval_runtime': '1.145', 'eval_samples_per_second': '160.7', 'eval_steps_per_second': '20.08', 'epoch': '3'}
[A
 38%|███▊      | 66/176 [00:11<00:12,  8.71it/s]

100%|██████████| 23/23 [00:01<00:00, 20.43it/s][A

                                               [A
 38%|███▊      | 67/176 [00:11<00:40,  2.67it/s]
 39%|███▊      | 68/176 [00:11<00:33,  3.22it/s]
 39%|███▉      | 69/176 [00:11<00:27,  3.84it/s]
 40%|███▉      | 70/176 [00:11<00:23,  4.53it/s]
{'loss': '1.666', 'grad_norm': '1.246', 'learning_rate': '0.0006772', 'epoch': '3.182'}
                                                

 40%|███▉      | 70/176 [00:11<00:23,  4.53it/s]
 40%|████      | 71/176 [00:11<00:20,  5.14it/s]
 41%|████      | 72/176 [00:11<00:17,  5.81it/s]
 41%|████▏     | 73/176 [00:11<00:16,  6.37it/s]
 42%|████▏     | 74/176 [00:12<00:14,  6.81it/s]
 43%|████▎     | 75/176 [00:12<00:14,  7.17it/s]
 43%|████▎     | 76/176 [00:12<00:13,  7.29it/s]
 44%|████▍     | 77/176 [00:12<00:13,  7.61it/s]
 44%|████▍     | 78/176 [00:12<00:12,  7.67it/s]
 45%|████▍     | 79/176 [00:12<00:12,  7.90it/s]
 45%|████▌     | 80/176 [00:12<00:12,  7.76it/s]
{'loss': '1.28', 'grad_norm': '1.489', 'learning_rate': '0.0006139', 'epoch': '3.636'}
                                                

 45%|████▌     | 80/176 [00:12<00:12,  7.76it/s]
 46%|████▌     | 81/176 [00:12<00:11,  8.23it/s]
 47%|████▋     | 82/176 [00:13<00:11,  8.12it/s]
 47%|████▋     | 83/176 [00:13<00:11,  8.25it/s]
 48%|████▊     | 84/176 [00:13<00:11,  8.08it/s]
 48%|████▊     | 85/176 [00:13<00:11,  8.06it/s]
 49%|████▉     | 86/176 [00:13<00:10,  8.33it/s]
 49%|████▉     | 87/176 [00:13<00:10,  8.19it/s]

  0%|          | 0/23 [00:00<?, ?it/s][A

 17%|█▋        | 4/23 [00:00<00:00, 31.57it/s][A

 35%|███▍      | 8/23 [00:00<00:00, 25.55it/s][A

 48%|████▊     | 11/23 [00:00<00:00, 24.55it/s][A

 61%|██████    | 14/23 [00:00<00:00, 24.30it/s][A

 74%|███████▍  | 17/23 [00:00<00:00, 23.36it/s][A

 87%|████████▋ | 20/23 [00:00<00:00, 23.21it/s][A

100%|██████████| 23/23 [00:00<00:00, 23.77it/s][A
                                                


                                               
{'eval_loss': '2.125', 'eval_runtime': '0.9955', 'eval_samples_per_second': '184.8', 'eval_steps_per_second': '23.1', 'epoch': '4'}
[A
 50%|█████     | 88/176 [00:14<00:10,  8.19it/s]

100%|██████████| 23/23 [00:00<00:00, 23.77it/s][A

                                               [A
 51%|█████     | 89/176 [00:14<00:29,  2.92it/s]
 51%|█████     | 90/176 [00:14<00:24,  3.50it/s]
{'loss': '1.206', 'grad_norm': '1.367', 'learning_rate': '0.0005506', 'epoch': '4.091'}
                                                

 51%|█████     | 90/176 [00:14<00:24,  3.50it/s]
 52%|█████▏    | 91/176 [00:15<00:20,  4.13it/s]
 52%|█████▏    | 92/176 [00:15<00:17,  4.79it/s]
 53%|█████▎    | 93/176 [00:15<00:15,  5.45it/s]
 53%|█████▎    | 94/176 [00:15<00:13,  6.15it/s]
 54%|█████▍    | 95/176 [00:15<00:12,  6.68it/s]
 55%|█████▍    | 96/176 [00:15<00:11,  7.21it/s]
 55%|█████▌    | 97/176 [00:15<00:10,  7.60it/s]
 56%|█████▌    | 98/176 [00:15<00:09,  7.90it/s]
 56%|█████▋    | 99/176 [00:15<00:09,  8.13it/s]
 57%|█████▋    | 100/176 [00:16<00:08,  8.51it/s]
{'loss': '0.9146', 'grad_norm': '1.258', 'learning_rate': '0.0004873', 'epoch': '4.545'}
                                                 

 57%|█████▋    | 100/176 [00:16<00:08,  8.51it/s]
 57%|█████▋    | 101/176 [00:16<00:09,  8.32it/s]
 58%|█████▊    | 102/176 [00:16<00:08,  8.52it/s]
 59%|█████▊    | 103/176 [00:16<00:08,  8.67it/s]
 59%|█████▉    | 104/176 [00:16<00:08,  8.44it/s]
 60%|█████▉    | 105/176 [00:16<00:08,  8.44it/s]
 60%|██████    | 106/176 [00:16<00:08,  8.54it/s]
 61%|██████    | 107/176 [00:16<00:08,  8.60it/s]
 61%|██████▏   | 108/176 [00:17<00:07,  8.87it/s]
 62%|██████▏   | 109/176 [00:17<00:07,  8.70it/s]
{'loss': '1.103', 'grad_norm': '1.805', 'learning_rate': '0.0004241', 'epoch': '5'}
                                                 

 62%|██████▎   | 110/176 [00:17<00:07,  8.70it/s]

  0%|          | 0/23 [00:00<?, ?it/s][A

 17%|█▋        | 4/23 [00:00<00:00, 31.71it/s][A

 35%|███▍      | 8/23 [00:00<00:00, 27.64it/s][A

 48%|████▊     | 11/23 [00:00<00:00, 25.12it/s][A

 61%|██████    | 14/23 [00:00<00:00, 24.71it/s][A

 74%|███████▍  | 17/23 [00:00<00:00, 25.37it/s][A

 87%|████████▋ | 20/23 [00:00<00:00, 24.82it/s][A

100%|██████████| 23/23 [00:00<00:00, 23.93it/s][A
                                                 


                                               
{'eval_loss': '2.164', 'eval_runtime': '0.9661', 'eval_samples_per_second': '190.4', 'eval_steps_per_second': '23.81', 'epoch': '5'}
[A
 62%|██████▎   | 110/176 [00:18<00:07,  8.70it/s]

100%|██████████| 23/23 [00:00<00:00, 23.93it/s][A

                                               [A
 63%|██████▎   | 111/176 [00:18<00:21,  3.02it/s]
 64%|██████▎   | 112/176 [00:18<00:17,  3.56it/s]
 64%|██████▍   | 113/176 [00:18<00:14,  4.23it/s]
 65%|██████▍   | 114/176 [00:18<00:12,  4.85it/s]
 65%|██████▌   | 115/176 [00:18<00:11,  5.51it/s]
 66%|██████▌   | 116/176 [00:18<00:10,  5.99it/s]
 66%|██████▋   | 117/176 [00:19<00:09,  6.45it/s]
 67%|██████▋   | 118/176 [00:19<00:08,  6.88it/s]
 68%|██████▊   | 119/176 [00:19<00:07,  7.29it/s]
 68%|██████▊   | 120/176 [00:19<00:07,  7.37it/s]
{'loss': '0.9082', 'grad_norm': '1.485', 'learning_rate': '0.0003608', 'epoch': '5.455'}
                                                 

 68%|██████▊   | 120/176 [00:19<00:07,  7.37it/s]
 69%|██████▉   | 121/176 [00:19<00:07,  7.74it/s]
 69%|██████▉   | 122/176 [00:19<00:06,  7.87it/s]
 70%|██████▉   | 123/176 [00:19<00:06,  8.30it/s]
 70%|███████   | 124/176 [00:19<00:06,  8.19it/s]
 71%|███████   | 125/176 [00:19<00:06,  8.44it/s]
 72%|███████▏  | 126/176 [00:20<00:05,  8.36it/s]
 72%|███████▏  | 127/176 [00:20<00:05,  8.51it/s]
 73%|███████▎  | 128/176 [00:20<00:05,  8.65it/s]
 73%|███████▎  | 129/176 [00:20<00:05,  8.51it/s]
 74%|███████▍  | 130/176 [00:20<00:05,  8.66it/s]
{'loss': '0.8216', 'grad_norm': '1.379', 'learning_rate': '0.0002975', 'epoch': '5.909'}
                                                 

 74%|███████▍  | 130/176 [00:20<00:05,  8.66it/s]
 74%|███████▍  | 131/176 [00:20<00:05,  8.76it/s]

  0%|          | 0/23 [00:00<?, ?it/s][A

 17%|█▋        | 4/23 [00:00<00:00, 28.26it/s][A

 30%|███       | 7/23 [00:00<00:00, 25.47it/s][A

 43%|████▎     | 10/23 [00:00<00:00, 25.02it/s][A

 57%|█████▋    | 13/23 [00:00<00:00, 23.87it/s][A

 70%|██████▉   | 16/23 [00:00<00:00, 23.84it/s][A

 83%|████████▎ | 19/23 [00:00<00:00, 23.84it/s][A

 96%|█████████▌| 22/23 [00:00<00:00, 23.10it/s][A
{'eval_loss': '2.199', 'eval_runtime': '1.009', 'eval_samples_per_second': '182.4', 'eval_steps_per_second': '22.8', 'epoch': '6'}
                                                 


                                               
[A
 75%|███████▌  | 132/176 [00:21<00:05,  8.76it/s]

100%|██████████| 23/23 [00:00<00:00, 23.10it/s][A

                                               [A
 76%|███████▌  | 133/176 [00:21<00:14,  2.94it/s]
 76%|███████▌  | 134/176 [00:22<00:12,  3.48it/s]
 77%|███████▋  | 135/176 [00:22<00:10,  4.07it/s]
 77%|███████▋  | 136/176 [00:22<00:08,  4.72it/s]
 78%|███████▊  | 137/176 [00:22<00:07,  5.10it/s]
 78%|███████▊  | 138/176 [00:22<00:06,  5.77it/s]
 79%|███████▉  | 139/176 [00:22<00:05,  6.40it/s]
 80%|███████▉  | 140/176 [00:22<00:05,  6.95it/s]
{'loss': '0.9595', 'grad_norm': '2.229', 'learning_rate': '0.0002342', 'epoch': '6.364'}
                                                 

 80%|███████▉  | 140/176 [00:22<00:05,  6.95it/s]
 80%|████████  | 141/176 [00:22<00:04,  7.42it/s]
 81%|████████  | 142/176 [00:22<00:04,  7.58it/s]
 81%|████████▏ | 143/176 [00:23<00:04,  7.89it/s]
 82%|████████▏ | 144/176 [00:23<00:03,  8.10it/s]
 82%|████████▏ | 145/176 [00:23<00:03,  8.30it/s]
 83%|████████▎ | 146/176 [00:23<00:03,  8.37it/s]
 84%|████████▎ | 147/176 [00:23<00:03,  8.54it/s]
 84%|████████▍ | 148/176 [00:23<00:03,  8.48it/s]
 85%|████████▍ | 149/176 [00:23<00:03,  8.48it/s]
 85%|████████▌ | 150/176 [00:23<00:03,  8.64it/s]
{'loss': '0.6765', 'grad_norm': '0.9458', 'learning_rate': '0.0001709', 'epoch': '6.818'}
                                                 

 85%|████████▌ | 150/176 [00:23<00:03,  8.64it/s]
 86%|████████▌ | 151/176 [00:24<00:02,  8.59it/s]
 86%|████████▋ | 152/176 [00:24<00:02,  8.71it/s]
 87%|████████▋ | 153/176 [00:24<00:02,  8.82it/s]

  0%|          | 0/23 [00:00<?, ?it/s][A

 17%|█▋        | 4/23 [00:00<00:00, 29.49it/s][A

 30%|███       | 7/23 [00:00<00:00, 26.27it/s][A

 43%|████▎     | 10/23 [00:00<00:00, 25.10it/s][A

 57%|█████▋    | 13/23 [00:00<00:00, 24.59it/s][A

 70%|██████▉   | 16/23 [00:00<00:00, 23.96it/s][A

 83%|████████▎ | 19/23 [00:00<00:00, 23.65it/s][A

 96%|█████████▌| 22/23 [00:00<00:00, 23.71it/s][A
                                                 


                                               
{'eval_loss': '2.248', 'eval_runtime': '0.9966', 'eval_samples_per_second': '184.6', 'eval_steps_per_second': '23.08', 'epoch': '7'}
[A
 88%|████████▊ | 154/176 [00:25<00:02,  8.82it/s]

100%|██████████| 23/23 [00:00<00:00, 23.71it/s][A

                                               [A
 88%|████████▊ | 155/176 [00:25<00:07,  2.99it/s]
 89%|████████▊ | 156/176 [00:25<00:05,  3.54it/s]
 89%|████████▉ | 157/176 [00:25<00:04,  4.23it/s]
 90%|████████▉ | 158/176 [00:25<00:03,  4.93it/s]
 90%|█████████ | 159/176 [00:25<00:03,  5.66it/s]
 91%|█████████ | 160/176 [00:26<00:02,  6.16it/s]
{'loss': '0.6382', 'grad_norm': '1.427', 'learning_rate': '0.0001076', 'epoch': '7.273'}
                                                 

 91%|█████████ | 160/176 [00:26<00:02,  6.16it/s]
 91%|█████████▏| 161/176 [00:26<00:02,  6.70it/s]
 92%|█████████▏| 162/176 [00:26<00:01,  7.24it/s]
 93%|█████████▎| 163/176 [00:26<00:01,  7.70it/s]
 93%|█████████▎| 164/176 [00:26<00:01,  8.06it/s]
 94%|█████████▍| 165/176 [00:26<00:01,  8.01it/s]
 94%|█████████▍| 166/176 [00:26<00:01,  8.12it/s]
 95%|█████████▍| 167/176 [00:26<00:01,  8.26it/s]
 95%|█████████▌| 168/176 [00:26<00:00,  8.43it/s]
 96%|█████████▌| 169/176 [00:27<00:00,  8.55it/s]
 97%|█████████▋| 170/176 [00:27<00:00,  8.72it/s]
{'loss': '0.6756', 'grad_norm': '0.8514', 'learning_rate': '4.43e-05', 'epoch': '7.727'}
                                                 

 97%|█████████▋| 170/176 [00:27<00:00,  8.72it/s]
 97%|█████████▋| 171/176 [00:27<00:00,  8.81it/s]
 98%|█████████▊| 172/176 [00:27<00:00,  8.58it/s]
 98%|█████████▊| 173/176 [00:27<00:00,  8.62it/s]
 99%|█████████▉| 174/176 [00:27<00:00,  8.64it/s]
 99%|█████████▉| 175/176 [00:27<00:00,  8.62it/s]

  0%|          | 0/23 [00:00<?, ?it/s][A

 17%|█▋        | 4/23 [00:00<00:00, 30.64it/s][A

 35%|███▍      | 8/23 [00:00<00:00, 26.32it/s][A

 48%|████▊     | 11/23 [00:00<00:00, 24.62it/s][A

 61%|██████    | 14/23 [00:00<00:00, 24.13it/s][A

 74%|███████▍  | 17/23 [00:00<00:00, 23.99it/s][A

 87%|████████▋ | 20/23 [00:00<00:00, 23.90it/s][A

100%|██████████| 23/23 [00:00<00:00, 23.33it/s][A
                                                 


                                               
{'eval_loss': '2.29', 'eval_runtime': '0.9956', 'eval_samples_per_second': '184.8', 'eval_steps_per_second': '23.1', 'epoch': '8'}
[A
100%|██████████| 176/176 [00:28<00:00,  8.62it/s]

100%|██████████| 23/23 [00:00<00:00, 23.33it/s][A

                                               [A
{'train_runtime': '28.82', 'train_samples_per_second': '47.75', 'train_steps_per_second': '6.107', 'train_loss': '1.43', 'epoch': '8'}
                                                 

100%|██████████| 176/176 [00:28<00:00,  8.62it/s]
100%|██████████| 176/176 [00:28<00:00,  6.11it/s]

Saved LoRA adapter + processor to D:\T2520875\thesisP2\ft_work\lora_run

finished in 0.7 min

======================================================================
  EVALUATE  -  base vs fine-tuned on the held-out speakers
======================================================================
$ 'C:\Program Files\Python312\python.exe' 'D:\T2520875\thesisP2\thesisP2\finetune\evaluate.py' --adapter 'D:\T2520875\thesisP2\ft_work\lora_run' --batch 8 --tag run

device: cuda
gpu   : NVIDIA GeForce RTX 5090
clips : 184 from test.jsonl
D:\T2520875\thesisP2\thesisP2\finetune\prepare_data.py:1: SyntaxWarning: invalid escape sequence '\c'
  """
  decoding with base model ...

Loading weights:   0%|          | 0/479 [00:00<?, ?it/s]
Loading weights: 100%|██████████| 479/479 [00:00<00:00, 4904.78it/s]
[transformers] The attention mask is not set and cannot be inferred from input because pad token is same as eos token. 
As a consequence, you may observe unexpected behavior. Please pass your input's `attention_mask` to obtain reliable 
results.
[transformers] Both `max_new_tokens` (=200) and `max_length`(=448) seem to have been set. `max_new_tokens` will take 
precedence. Please refer to the documentation for more information. 
(https://huggingface.co/docs/transformers/main/en/main_classes/text_generation)
[transformers] A custom logits processor of type <class 
'transformers.generation.logits_process.SuppressTokensLogitsProcessor'> has been passed to `.generate()`, but it was 
also created in `.generate()`, given its parameterization. The custom <class 
'transformers.generation.logits_process.SuppressTokensLogitsProcessor'> will take precedence. Please check the 
docstring of <class 'transformers.generation.logits_process.SuppressTokensLogitsProcessor'> to see related 
`.generate()` flags.
[transformers] A custom logits processor of type <class 
'transformers.generation.logits_process.SuppressTokensAtBeginLogitsProcessor'> has been passed to `.generate()`, but 
it was also created in `.generate()`, given its parameterization. The custom <class 
'transformers.generation.logits_process.SuppressTokensAtBeginLogitsProcessor'> will take precedence. Please check the 
docstring of <class 'transformers.generation.logits_process.SuppressTokensAtBeginLogitsProcessor'> to see related 
`.generate()` flags.
[transformers] Ignoring clean_up_tokenization_spaces=True for BPE tokenizer WhisperTokenizer. The 
clean_up_tokenization post-processing step is designed for WordPiece tokenizers and is destructive for BPE (it strips 
spaces before punctuation). Set clean_up_tokenization_spaces=False to suppress this warning, or set 
clean_up_tokenization_spaces_for_bpe_even_though_it_will_corrupt_output=True to force cleanup anyway.
[transformers] Both `max_new_tokens` (=200) and `max_length`(=448) seem to have been set. `max_new_tokens` will take 
precedence. Please refer to the documentation for more information. 
(https://huggingface.co/docs/transformers/main/en/main_classes/text_generation)
    base: 8/184 clips
[transformers] Both `max_new_tokens` (=200) and `max_length`(=448) seem to have been set. `max_new_tokens` will take 
precedence. Please refer to the documentation for more information. 
(https://huggingface.co/docs/transformers/main/en/main_classes/text_generation)
    base: 16/184 clips
[transformers] Both `max_new_tokens` (=200) and `max_length`(=448) seem to have been set. `max_new_tokens` will take 
precedence. Please refer to the documentation for more information. 
(https://huggingface.co/docs/transformers/main/en/main_classes/text_generation)
    base: 24/184 clips
[transformers] Both `max_new_tokens` (=200) and `max_length`(=448) seem to have been set. `max_new_tokens` will take 
precedence. Please refer to the documentation for more information. 
(https://huggingface.co/docs/transformers/main/en/main_classes/text_generation)
    base: 32/184 clips
[transformers] Both `max_new_tokens` (=200) and `max_length`(=448) seem to have been set. `max_new_tokens` will take 
precedence. Please refer to the documentation for more information. 
(https://huggingface.co/docs/transformers/main/en/main_classes/text_generation)
    base: 40/184 clips
[transformers] Both `max_new_tokens` (=200) and `max_length`(=448) seem to have been set. `max_new_tokens` will take 
precedence. Please refer to the documentation for more information. 
(https://huggingface.co/docs/transformers/main/en/main_classes/text_generation)
    base: 48/184 clips
[transformers] Both `max_new_tokens` (=200) and `max_length`(=448) seem to have been set. `max_new_tokens` will take 
precedence. Please refer to the documentation for more information. 
(https://huggingface.co/docs/transformers/main/en/main_classes/text_generation)
    base: 56/184 clips
[transformers] Both `max_new_tokens` (=200) and `max_length`(=448) seem to have been set. `max_new_tokens` will take 
precedence. Please refer to the documentation for more information. 
(https://huggingface.co/docs/transformers/main/en/main_classes/text_generation)
    base: 64/184 clips
[transformers] Both `max_new_tokens` (=200) and `max_length`(=448) seem to have been set. `max_new_tokens` will take 
precedence. Please refer to the documentation for more information. 
(https://huggingface.co/docs/transformers/main/en/main_classes/text_generation)
    base: 72/184 clips
[transformers] Both `max_new_tokens` (=200) and `max_length`(=448) seem to have been set. `max_new_tokens` will take 
precedence. Please refer to the documentation for more information. 
(https://huggingface.co/docs/transformers/main/en/main_classes/text_generation)
    base: 80/184 clips
[transformers] Both `max_new_tokens` (=200) and `max_length`(=448) seem to have been set. `max_new_tokens` will take 
precedence. Please refer to the documentation for more information. 
(https://huggingface.co/docs/transformers/main/en/main_classes/text_generation)
    base: 88/184 clips
[transformers] Both `max_new_tokens` (=200) and `max_length`(=448) seem to have been set. `max_new_tokens` will take 
precedence. Please refer to the documentation for more information. 
(https://huggingface.co/docs/transformers/main/en/main_classes/text_generation)
    base: 96/184 clips
[transformers] Both `max_new_tokens` (=200) and `max_length`(=448) seem to have been set. `max_new_tokens` will take 
precedence. Please refer to the documentation for more information. 
(https://huggingface.co/docs/transformers/main/en/main_classes/text_generation)
    base: 104/184 clips
[transformers] Both `max_new_tokens` (=200) and `max_length`(=448) seem to have been set. `max_new_tokens` will take 
precedence. Please refer to the documentation for more information. 
(https://huggingface.co/docs/transformers/main/en/main_classes/text_generation)
    base: 112/184 clips
[transformers] Both `max_new_tokens` (=200) and `max_length`(=448) seem to have been set. `max_new_tokens` will take 
precedence. Please refer to the documentation for more information. 
(https://huggingface.co/docs/transformers/main/en/main_classes/text_generation)
    base: 120/184 clips
[transformers] Both `max_new_tokens` (=200) and `max_length`(=448) seem to have been set. `max_new_tokens` will take 
precedence. Please refer to the documentation for more information. 
(https://huggingface.co/docs/transformers/main/en/main_classes/text_generation)
    base: 128/184 clips
[transformers] Both `max_new_tokens` (=200) and `max_length`(=448) seem to have been set. `max_new_tokens` will take 
precedence. Please refer to the documentation for more information. 
(https://huggingface.co/docs/transformers/main/en/main_classes/text_generation)
    base: 136/184 clips
[transformers] Both `max_new_tokens` (=200) and `max_length`(=448) seem to have been set. `max_new_tokens` will take 
precedence. Please refer to the documentation for more information. 
(https://huggingface.co/docs/transformers/main/en/main_classes/text_generation)
    base: 144/184 clips
[transformers] Both `max_new_tokens` (=200) and `max_length`(=448) seem to have been set. `max_new_tokens` will take 
precedence. Please refer to the documentation for more information. 
(https://huggingface.co/docs/transformers/main/en/main_classes/text_generation)
    base: 152/184 clips
[transformers] Both `max_new_tokens` (=200) and `max_length`(=448) seem to have been set. `max_new_tokens` will take 
precedence. Please refer to the documentation for more information. 
(https://huggingface.co/docs/transformers/main/en/main_classes/text_generation)
    base: 160/184 clips
[transformers] Both `max_new_tokens` (=200) and `max_length`(=448) seem to have been set. `max_new_tokens` will take 
precedence. Please refer to the documentation for more information. 
(https://huggingface.co/docs/transformers/main/en/main_classes/text_generation)
    base: 168/184 clips
[transformers] Both `max_new_tokens` (=200) and `max_length`(=448) seem to have been set. `max_new_tokens` will take 
precedence. Please refer to the documentation for more information. 
(https://huggingface.co/docs/transformers/main/en/main_classes/text_generation)
    base: 176/184 clips
    base: 184/184 clips
    base: 184/184 clips done
  decoding with fine-tuned model ...

Loading weights:   0%|          | 0/479 [00:00<?, ?it/s]
Loading weights: 100%|██████████| 479/479 [00:00<00:00, 4823.93it/s]
[transformers] Both `max_new_tokens` (=200) and `max_length`(=448) seem to have been set. `max_new_tokens` will take 
precedence. Please refer to the documentation for more information. 
(https://huggingface.co/docs/transformers/main/en/main_classes/text_generation)
[transformers] Both `max_new_tokens` (=200) and `max_length`(=448) seem to have been set. `max_new_tokens` will take 
precedence. Please refer to the documentation for more information. 
(https://huggingface.co/docs/transformers/main/en/main_classes/text_generation)
    tuned: 8/184 clips
[transformers] Both `max_new_tokens` (=200) and `max_length`(=448) seem to have been set. `max_new_tokens` will take 
precedence. Please refer to the documentation for more information. 
(https://huggingface.co/docs/transformers/main/en/main_classes/text_generation)
    tuned: 16/184 clips
[transformers] Both `max_new_tokens` (=200) and `max_length`(=448) seem to have been set. `max_new_tokens` will take 
precedence. Please refer to the documentation for more information. 
(https://huggingface.co/docs/transformers/main/en/main_classes/text_generation)
    tuned: 24/184 clips
[transformers] Both `max_new_tokens` (=200) and `max_length`(=448) seem to have been set. `max_new_tokens` will take 
precedence. Please refer to the documentation for more information. 
(https://huggingface.co/docs/transformers/main/en/main_classes/text_generation)
    tuned: 32/184 clips
[transformers] Both `max_new_tokens` (=200) and `max_length`(=448) seem to have been set. `max_new_tokens` will take 
precedence. Please refer to the documentation for more information. 
(https://huggingface.co/docs/transformers/main/en/main_classes/text_generation)
    tuned: 40/184 clips
[transformers] Both `max_new_tokens` (=200) and `max_length`(=448) seem to have been set. `max_new_tokens` will take 
precedence. Please refer to the documentation for more information. 
(https://huggingface.co/docs/transformers/main/en/main_classes/text_generation)
    tuned: 48/184 clips
[transformers] Both `max_new_tokens` (=200) and `max_length`(=448) seem to have been set. `max_new_tokens` will take 
precedence. Please refer to the documentation for more information. 
(https://huggingface.co/docs/transformers/main/en/main_classes/text_generation)
    tuned: 56/184 clips
[transformers] Both `max_new_tokens` (=200) and `max_length`(=448) seem to have been set. `max_new_tokens` will take 
precedence. Please refer to the documentation for more information. 
(https://huggingface.co/docs/transformers/main/en/main_classes/text_generation)
    tuned: 64/184 clips
[transformers] Both `max_new_tokens` (=200) and `max_length`(=448) seem to have been set. `max_new_tokens` will take 
precedence. Please refer to the documentation for more information. 
(https://huggingface.co/docs/transformers/main/en/main_classes/text_generation)
    tuned: 72/184 clips
[transformers] Both `max_new_tokens` (=200) and `max_length`(=448) seem to have been set. `max_new_tokens` will take 
precedence. Please refer to the documentation for more information. 
(https://huggingface.co/docs/transformers/main/en/main_classes/text_generation)
    tuned: 80/184 clips
[transformers] Both `max_new_tokens` (=200) and `max_length`(=448) seem to have been set. `max_new_tokens` will take 
precedence. Please refer to the documentation for more information. 
(https://huggingface.co/docs/transformers/main/en/main_classes/text_generation)
    tuned: 88/184 clips
[transformers] Both `max_new_tokens` (=200) and `max_length`(=448) seem to have been set. `max_new_tokens` will take 
precedence. Please refer to the documentation for more information. 
(https://huggingface.co/docs/transformers/main/en/main_classes/text_generation)
    tuned: 96/184 clips
[transformers] Both `max_new_tokens` (=200) and `max_length`(=448) seem to have been set. `max_new_tokens` will take 
precedence. Please refer to the documentation for more information. 
(https://huggingface.co/docs/transformers/main/en/main_classes/text_generation)
    tuned: 104/184 clips
[transformers] Both `max_new_tokens` (=200) and `max_length`(=448) seem to have been set. `max_new_tokens` will take 
precedence. Please refer to the documentation for more information. 
(https://huggingface.co/docs/transformers/main/en/main_classes/text_generation)
    tuned: 112/184 clips
[transformers] Both `max_new_tokens` (=200) and `max_length`(=448) seem to have been set. `max_new_tokens` will take 
precedence. Please refer to the documentation for more information. 
(https://huggingface.co/docs/transformers/main/en/main_classes/text_generation)
    tuned: 120/184 clips
[transformers] Both `max_new_tokens` (=200) and `max_length`(=448) seem to have been set. `max_new_tokens` will take 
precedence. Please refer to the documentation for more information. 
(https://huggingface.co/docs/transformers/main/en/main_classes/text_generation)
    tuned: 128/184 clips
[transformers] Both `max_new_tokens` (=200) and `max_length`(=448) seem to have been set. `max_new_tokens` will take 
precedence. Please refer to the documentation for more information. 
(https://huggingface.co/docs/transformers/main/en/main_classes/text_generation)
    tuned: 136/184 clips
[transformers] Both `max_new_tokens` (=200) and `max_length`(=448) seem to have been set. `max_new_tokens` will take 
precedence. Please refer to the documentation for more information. 
(https://huggingface.co/docs/transformers/main/en/main_classes/text_generation)
    tuned: 144/184 clips
[transformers] Both `max_new_tokens` (=200) and `max_length`(=448) seem to have been set. `max_new_tokens` will take 
precedence. Please refer to the documentation for more information. 
(https://huggingface.co/docs/transformers/main/en/main_classes/text_generation)
    tuned: 152/184 clips
[transformers] Both `max_new_tokens` (=200) and `max_length`(=448) seem to have been set. `max_new_tokens` will take 
precedence. Please refer to the documentation for more information. 
(https://huggingface.co/docs/transformers/main/en/main_classes/text_generation)
    tuned: 160/184 clips
[transformers] Both `max_new_tokens` (=200) and `max_length`(=448) seem to have been set. `max_new_tokens` will take 
precedence. Please refer to the documentation for more information. 
(https://huggingface.co/docs/transformers/main/en/main_classes/text_generation)
    tuned: 168/184 clips
[transformers] Both `max_new_tokens` (=200) and `max_length`(=448) seem to have been set. `max_new_tokens` will take 
precedence. Please refer to the documentation for more information. 
(https://huggingface.co/docs/transformers/main/en/main_classes/text_generation)
    tuned: 176/184 clips
    tuned: 184/184 clips
    tuned: 184/184 clips done

--- summary ---
  wer_mean_per_clip    base  112.3%   tuned  172.5%   delta +60.2
  cer_mean_per_clip    base   85.0%   tuned  129.2%   delta +44.2
  term_f1              base   68.3%   tuned   60.2%   delta -8.1
  wer wins 94/184 clips   wilcoxon p=8.71e-03   sign p=8.25e-01
  cer wins 96/184 clips   wilcoxon p=2.89e-02   sign p=6.06e-01

wrote D:\T2520875\thesisP2\ft_work\eval_run.json
wrote D:\T2520875\thesisP2\ft_work\eval_run.md

finished in 6.4 min

# Fine-tune evaluation: base vs LoRA

Base model: `D:\T2520875\thesisP2\ft_work\models\whisper-small`
Adapter: `D:\T2520875\thesisP2\ft_work\lora_run`
Split: `test.jsonl`, clips scored: 184

All text is compared after `normalize_banglish()` from `finetune/prepare_data.py`.

| Metric | Base | Fine-tuned |
|---|---|---|
| WER, per clip median | 96.0% | 95.1% |
| WER, per clip mean | 112.3% | 172.5% |
| WER, whole split | 89.9% | 136.4% |
| CER, per clip median | 74.2% | 71.5% |
| CER, per clip mean | 85.0% | 129.2% |
| Term recall | 72.6% | 86.8% |
| Term precision | 64.6% | 46.1% |
| Term F1 | 68.3% | 60.2% |
| Clips that run away | 10 of 184 | 58 of 184 |

Means are reported for completeness but are dominated by a few clips where a
model falls into a repetition loop and emits far more words than were spoken,
which pushes error rates above 100%. The rank-based tests below are the ones
to read.

- **WER**: fine-tune wins on 94 of 184 clips. Wilcoxon signed-rank p = 8.71e-03, sign test p = 8.25e-01.
- **CER**: fine-tune wins on 96 of 184 clips. Wilcoxon signed-rank p = 2.89e-02, sign test p = 6.06e-01.

Paired test on the mean per-clip WER, for reference: p = 0.0001 (sign-flip Monte Carlo, n=182, 20000 resamples).

Term F1 here is exact matching against a fixed 82-word English lexicon,
reported only so these numbers sit on the same scale as the 73.9% baseline.



======================================================================
  DONE
======================================================================
Artifacts:
  D:\T2520875\thesisP2\ft_work\eval_run.md
  D:\T2520875\thesisP2\ft_work\eval_run_7to9.md
  D:\T2520875\thesisP2\ft_work\split.json   (the frozen train/test split)
